馃攼 Initializing Google Sheets auth...
  - Service Account Email: exists
  - Private Key: exists (length: 1707)
  - Private Key preview: "-----BEGIN PRIVATE KEY-----
MIIEvQIBADANBgkqhkiG9
  - Starts with BEGIN: true
  - Contains newlines (\n): false
  - Contains actual newlines: true
鉁?Google Sheets auth initialized successfully
馃敡 Setting up test environment...
鉁?Test environment ready
馃殌 Starting test suite...

[1/23] Running: Complete Booking - Braces Maintenance

馃殌 [GENERATE RESPONSE] Starting response generation
馃殌 [GENERATE RESPONSE] User message: I want braces maintenance
馃殌 [GENERATE RESPONSE] Current session state: {
  treatmentType: null,
  dentistName: null,
  patientName: null,
  intents: undefined,
  selectedSlot: null,
  confirmationStatus: 'pending',
  eventId: undefined
}
馃攳 [PRE-AI] Combined intent detection and information extraction...
[MOCK] No booking found for phone: +1111111111 (total events: 0)
馃攳 [COMBINED AI] AI Response: {"intents":["booking"],"patientName":null,"treatmentType":"Braces Maintenance","dentistName":null,"numberOfTeeth":null,"dateTimeText":null}
馃攳 [COMBINED AI] Parsed intents: [ 'booking' ]
馃摑 [COMBINED AI] Parsed extracted: {
  patientName: null,
  treatmentType: 'Braces Maintenance',
  dentistName: null,
  numberOfTeeth: null,
  dateTimeText: null
}
馃攳 [INTENT DETECTION] Intent detected, setting intent: [ 'booking' ]
馃摑 [PRE-AI] Validating and updating session with extracted information...
鉁?[PRE-AI] Validated treatmentType: Braces Maintenance
鉁?[PRE-AI] Updating treatmentType: Braces Maintenance
馃 [AI RESPONSE] Raw AI response: Thank you for reaching out! Could I please have your name so I can assist you with booking your braces maintenance appointment?

馃攧 [POST-PROCESS] Starting minimal post-processing
馃攧 [POST-PROCESS] Latest intents: [ 'booking' ]
馃攧 [POST-PROCESS] Current session state: {
  treatmentType: 'Braces Maintenance',
  dentistName: null,
  patientName: null,
  selectedSlot: null,
  confirmationStatus: 'pending'
}
馃攧 [POST-PROCESS] Validated intents: [ 'booking' ]
馃攧 [POST-PROCESS] Availability check conditions: {
  hasBookingIntent: true,
  hasTreatment: 'Braces Maintenance',
  hasPatientName: null,
  noSlotPending: true,
  isAlreadyConfirmed: false
}
鉁?[POST-PROCESS] Returning AI response as-is
鉁?[AI RESPONSE] Final response after post-processing: Thank you for reaching out! Could I please have your name so I can assist you with booking your braces maintenance appointment?

馃殌 [GENERATE RESPONSE] Starting response generation
馃殌 [GENERATE RESPONSE] User message: My name is John Doe
馃殌 [GENERATE RESPONSE] Current session state: {
  treatmentType: 'Braces Maintenance',
  dentistName: null,
  patientName: null,
  intents: [ 'booking' ],
  selectedSlot: null,
  confirmationStatus: 'pending',
  eventId: undefined
}
馃攳 [PRE-AI] Combined intent detection and information extraction...
[MOCK] No booking found for phone: +1111111111 (total events: 0)
馃攳 [COMBINED AI] AI Response: {"intents":["booking"],"patientName":"John Doe","treatmentType":"Braces Maintenance","dentistName":null,"numberOfTeeth":null,"dateTimeText":null}
馃攳 [COMBINED AI] Parsed intents: [ 'booking' ]
馃摑 [COMBINED AI] Parsed extracted: {
  patientName: 'John Doe',
  treatmentType: 'Braces Maintenance',
  dentistName: null,
  numberOfTeeth: null,
  dateTimeText: null
}
馃攳 [INTENT DETECTION] Intent detected, setting intent: [ 'booking' ]
馃摑 [PRE-AI] Validating and updating session with extracted information...
鉁?[PRE-AI] Validated patientName: John Doe
鉁?[PRE-AI] Validated treatmentType: Braces Maintenance
鉁?[PRE-AI] Updating patientName: John Doe
馃 [AI RESPONSE] Raw AI response: Thank you, John Doe! I will check for available slots for your braces maintenance appointment. Please hold on for just a moment. 

The available time slots for braces maintenance are:

- 9:00 AM with 

馃攧 [POST-PROCESS] Starting minimal post-processing
馃攧 [POST-PROCESS] Latest intents: [ 'booking' ]
馃攧 [POST-PROCESS] Current session state: {
  treatmentType: 'Braces Maintenance',
  dentistName: null,
  patientName: 'John Doe',
  selectedSlot: null,
  confirmationStatus: 'pending'
}
馃攧 [POST-PROCESS] Validated intents: [ 'booking' ]
馃攧 [POST-PROCESS] Availability check conditions: {
  hasBookingIntent: true,
  hasTreatment: 'Braces Maintenance',
  hasPatientName: 'John Doe',
  noSlotPending: true,
  isAlreadyConfirmed: false
}
馃攧 [POST-PROCESS] Booking intent detected, checking availability
馃攧 [POST-PROCESS] Checking availability with user message: My name is John Doe

馃搮 [AVAILABILITY] Starting availability check
馃搮 [AVAILABILITY] Session: {
  treatmentType: 'Braces Maintenance',
  dentistName: null,
  numberOfTeeth: null
}
馃搮 [AVAILABILITY] Available dentists for treatment: [ 'Dr BracesA', 'Dr BracesB' ]
馃搮 [AVAILABILITY] Fetching fresh slots from API (no caching)...

馃搳 [AVAILABILITY SUMMARY] Total slots found across all doctors: 50
馃幆 [AVAILABILITY SUMMARY] The first free time slot overall is:
   Doctor: Dr BracesA
   Date: 2025-12-18
   Time: 01:00
   Duration: 60 minutes
鉁?[AVAILABILITY] Updated session with fresh slots: 2025-12-17T16:11:55.541Z
馃搮 [AVAILABILITY] First few slots: [
  {
    doctor: 'Dr BracesA',
    startTime: '2025-12-18T01:00:00.000Z',
    duration: 60
  },
  {
    doctor: 'Dr BracesB',
    startTime: '2025-12-18T01:00:00.000Z',
    duration: 60
  },
  {
    doctor: 'Dr BracesA',
    startTime: '2025-12-18T02:00:00.000Z',
    duration: 60
  }
]
馃搮 [AVAILABILITY] No dentist specified, will auto-select based on earliest availability
馃搮 [AVAILABILITY] Dentist not specified for braces, using max duration (45 min) for slot filtering
馃搮 [AVAILABILITY] Calculated treatment duration: 45 minutes
馃搮 [AVAILABILITY] Extracted date preference: { date: null, time: null }
馃搮 [AVAILABILITY] Valid slots (dentist: any , within working hours): 50
馃搮 [AVAILABILITY] No preference match, finding earliest available slot (ASAP)...
馃搮 [AVAILABILITY] Valid slots available: 50 Treatment duration needed: 45
鉁?[AVAILABILITY] Selected earliest available slot (ASAP): {
  doctor: 'Dr BracesA',
  startTime: '2025-12-18T01:00:00.000Z',
  duration: 60
}
鉁?[AVAILABILITY] Auto-selecting dentist: Dr BracesA
馃搮 [AVAILABILITY] Recalculated treatment duration with selected dentist: 15 minutes
鉁?[AVAILABILITY] Setting selectedSlot in session: {
  startTime: '2025-12-18T01:00:00.000Z',
  endTime: '2025-12-18T01:15:00.000Z',
  doctor: 'Dr BracesA',
  hour: 9,
  minute: 0
}
鉁?[AVAILABILITY] Session updated, verification: {
  hasSelectedSlot: true,
  confirmationStatus: 'pending',
  slotStartTime: '2025-12-18T01:00:00.000Z'
}
鉁?[AI RESPONSE] Final response after post-processing: I found an available slot:

Doctor: Dr BracesA
Date: 2025/12/18
Time: 09:00:00 - 09:15:00
Duration: 15 minutes

Would you like to confirm this appointment?

馃殌 [GENERATE RESPONSE] Starting response generation
馃殌 [GENERATE RESPONSE] User message: Dr BracesB
馃殌 [GENERATE RESPONSE] Current session state: {
  treatmentType: 'Braces Maintenance',
  dentistName: 'Dr BracesA',
  patientName: 'John Doe',
  intents: [ 'booking' ],
  selectedSlot: {
    startTime: '2025-12-18T01:00:00.000Z',
    endTime: '2025-12-18T01:15:00.000Z',
    doctor: 'Dr BracesA'
  },
  confirmationStatus: 'pending',
  eventId: undefined
}
馃攳 [PRE-AI] Combined intent detection and information extraction...
[MOCK] No booking found for phone: +1111111111 (total events: 0)
馃攳 [COMBINED AI] AI Response: {"intents":["booking"],"patientName":"John Doe","treatmentType":"Braces Maintenance","dentistName":"Dr BracesB","numberOfTeeth":null,"dateTimeText":null}
馃攳 [COMBINED AI] Parsed intents: [ 'booking' ]
馃摑 [COMBINED AI] Parsed extracted: {
  patientName: 'John Doe',
  treatmentType: 'Braces Maintenance',
  dentistName: 'Dr BracesB',
  numberOfTeeth: null,
  dateTimeText: null
}
馃攳 [INTENT DETECTION] Intent detected, setting intent: [ 'booking' ]
馃摑 [PRE-AI] Validating and updating session with extracted information...
鉁?[PRE-AI] Validated patientName: John Doe
鉁?[PRE-AI] Validated treatmentType: Braces Maintenance
鉁?[PRE-AI] Validated dentistName: Dr BracesB
馃 [AI RESPONSE] Raw AI response: It appears that Dr BracesB does not have an available slot for braces maintenance at this time. The only available slot is with Dr BracesA on 2025/12/18 at 09:00 AM. 

Would you like to confirm this a

馃攧 [POST-PROCESS] Starting minimal post-processing
馃攧 [POST-PROCESS] Latest intents: [ 'booking' ]
馃攧 [POST-PROCESS] Current session state: {
  treatmentType: 'Braces Maintenance',
  dentistName: 'Dr BracesA',
  patientName: 'John Doe',
  selectedSlot: '2025-12-18T01:00:00.000Z',
  confirmationStatus: 'pending'
}
馃攧 [POST-PROCESS] Validated intents: [ 'booking' ]
馃攧 [POST-PROCESS] Availability check conditions: {
  hasBookingIntent: true,
  hasTreatment: 'Braces Maintenance',
  hasPatientName: 'John Doe',
  noSlotPending: false,
  isAlreadyConfirmed: false
}
鉁?[POST-PROCESS] Returning AI response as-is
鉁?[AI RESPONSE] Final response after post-processing: It appears that Dr BracesB does not have an available slot for braces maintenance at this time. The only available slot is with Dr BracesA on 2025/12/18 at 09:00 AM. 

Would you like to confirm this a

馃殌 [GENERATE RESPONSE] Starting response generation
馃殌 [GENERATE RESPONSE] User message: Tomorrow at 10am
馃殌 [GENERATE RESPONSE] Current session state: {
  treatmentType: 'Braces Maintenance',
  dentistName: 'Dr BracesA',
  patientName: 'John Doe',
  intents: [ 'booking' ],
  selectedSlot: {
    startTime: '2025-12-18T01:00:00.000Z',
    endTime: '2025-12-18T01:15:00.000Z',
    doctor: 'Dr BracesA'
  },
  confirmationStatus: 'pending',
  eventId: undefined
}
馃攳 [PRE-AI] Combined intent detection and information extraction...
[MOCK] No booking found for phone: +1111111111 (total events: 0)
馃攳 [COMBINED AI] AI Response: {"intents":["booking"],"patientName":"John Doe","treatmentType":"Braces Maintenance","dentistName":"Dr BracesA","numberOfTeeth":null,"dateTimeText":"Tomorrow at 10am"}
馃攳 [COMBINED AI] Parsed intents: [ 'booking' ]
馃摑 [COMBINED AI] Parsed extracted: {
  patientName: 'John Doe',
  treatmentType: 'Braces Maintenance',
  dentistName: 'Dr BracesA',
  numberOfTeeth: null,
  dateTimeText: 'Tomorrow at 10am'
}
馃攳 [INTENT DETECTION] Intent detected, setting intent: [ 'booking' ]
馃摑 [PRE-AI] Validating and updating session with extracted information...
鉁?[PRE-AI] Validated patientName: John Doe
鉁?[PRE-AI] Validated treatmentType: Braces Maintenance
鉁?[PRE-AI] Validated dentistName: Dr BracesA
鉁?[PRE-AI] Validated dateTimeText: Tomorrow at 10am
鉁?[PRE-AI] Updating dateTimePreference: Tomorrow at 10am
鉁?[PRE-AI] User confirmed slot, proceeding to booking...

鉁?[BOOKING] Starting booking confirmation
鉁?[BOOKING] Selected slot: {
  doctor: 'Dr BracesA',
  startTime: '2025-12-18T01:00:00.000Z',
  endTime: '2025-12-18T01:15:00.000Z'
}
鉁?[BOOKING] Treatment duration: 15 minutes
鉁?[BOOKING] Re-checking availability with fresh API call (safety validation)...
鉁?[BOOKING] Current available slots for dentist: 25
鉁?[BOOKING] Cache updated with fresh slots
鉁?[BOOKING] Slot still available: {
  slotStart: '2025-12-18T01:00:00.000Z',
  slotEnd: '2025-12-18T02:00:00.000Z',
  selectedStart: '2025-12-18T01:00:00.000Z',
  selectedEnd: '2025-12-18T01:15:00.000Z'
}
鉁?[BOOKING] Slot validated, proceeding to create calendar event
鉁?[BOOKING] Creating calendar event with data: {
  calendarId: 'a9885a8e83a386bae81d28d23d86f1c7ac9dfa48b69d4a4951b78d137eadbe33@group.calendar.google.com',
  patientName: 'John Doe',
  doctor: 'Dr BracesA',
  treatment: 'Braces Maintenance',
  startTime: '2025-12-18T01:00:00.000Z',
  endTime: '2025-12-18T01:15:00.000Z'
}
[MOCK] Created appointment: John Doe with Dr BracesA at 2025-12-18T01:00:00.000Z
鉁?[BOOKING] Calendar event created successfully: { eventId: 'mock_event_1765987927944_hx1viorm1' }
鉁?[BOOKING] Session updated with confirmation
鉁?[BOOKING] Booking logged to Google Sheets
鉁?[BOOKING] Booking complete!
鉁?[PRE-AI] Booking successful, returning early to prevent post-processing

馃殌 [GENERATE RESPONSE] Starting response generation
馃殌 [GENERATE RESPONSE] User message: Yes
馃殌 [GENERATE RESPONSE] Current session state: {
  treatmentType: 'Braces Maintenance',
  dentistName: 'Dr BracesA',
  patientName: 'John Doe',
  intents: [ 'booking' ],
  selectedSlot: null,
  confirmationStatus: 'confirmed',
  eventId: 'mock_event_1765987927944_hx1viorm1'
}
馃攳 [PRE-AI] Combined intent detection and information extraction...
[MOCK] Found booking for +1111111111: John Doe with Dr BracesA
馃攳 [COMBINED AI] AI Response: {"intents":[],"patientName":null,"treatmentType":null,"dentistName":null,"numberOfTeeth":null,"dateTimeText":null}
馃攳 [COMBINED AI] Parsed intents: []
馃摑 [COMBINED AI] Parsed extracted: {
  patientName: null,
  treatmentType: null,
  dentistName: null,
  numberOfTeeth: null,
  dateTimeText: null
}
馃摑 [PRE-AI] Validating and updating session with extracted information...
鉁?[PRE-AI] User confirmed cancellation, processing...
馃攧 [CANCELLATION] Cancelling appointment: {
  calendarId: 'a9885a8e83a386bae81d28d23d86f1c7ac9dfa48b69d4a4951b78d137eadbe33@group.calendar.google.com',
  eventId: 'mock_event_1765987927944_hx1viorm1',
  phone: '+1111111111'
}
馃攧 [CANCELLATION] Cancel result: { success: true }
馃攧 [PRE-AI] Cancellation processed, returning cancellation message
[2/23] Running: Complete Booking - Cleaning

馃殌 [GENERATE RESPONSE] Starting response generation
馃殌 [GENERATE RESPONSE] User message: I need a cleaning
馃殌 [GENERATE RESPONSE] Current session state: {
  treatmentType: null,
  dentistName: null,
  patientName: null,
  intents: undefined,
  selectedSlot: null,
  confirmationStatus: 'pending',
  eventId: undefined
}
馃攳 [PRE-AI] Combined intent detection and information extraction...
[MOCK] No booking found for phone: +1111111112 (total events: 0)
馃攳 [COMBINED AI] AI Response: {"intents":["booking"],"patientName":null,"treatmentType":"Cleaning","dentistName":null,"numberOfTeeth":null,"dateTimeText":null}
馃攳 [COMBINED AI] Parsed intents: [ 'booking' ]
馃摑 [COMBINED AI] Parsed extracted: {
  patientName: null,
  treatmentType: 'Cleaning',
  dentistName: null,
  numberOfTeeth: null,
  dateTimeText: null
}
馃攳 [INTENT DETECTION] Intent detected, setting intent: [ 'booking' ]
馃摑 [PRE-AI] Validating and updating session with extracted information...
鉁?[PRE-AI] Validated treatmentType: Cleaning
鉁?[PRE-AI] Updating treatmentType: Cleaning
馃 [AI RESPONSE] Raw AI response: Hello! I'd be happy to help you with that. May I have your name, please, so I can assist you further?

馃攧 [POST-PROCESS] Starting minimal post-processing
馃攧 [POST-PROCESS] Latest intents: [ 'booking' ]
馃攧 [POST-PROCESS] Current session state: {
  treatmentType: 'Cleaning',
  dentistName: null,
  patientName: null,
  selectedSlot: null,
  confirmationStatus: 'pending'
}
馃攧 [POST-PROCESS] Validated intents: [ 'booking' ]
馃攧 [POST-PROCESS] Availability check conditions: {
  hasBookingIntent: true,
  hasTreatment: 'Cleaning',
  hasPatientName: null,
  noSlotPending: true,
  isAlreadyConfirmed: false
}
鉁?[POST-PROCESS] Returning AI response as-is
鉁?[AI RESPONSE] Final response after post-processing: Hello! I'd be happy to help you with that. May I have your name, please, so I can assist you further?

馃殌 [GENERATE RESPONSE] Starting response generation
馃殌 [GENERATE RESPONSE] User message: My name is Jane Smith
馃殌 [GENERATE RESPONSE] Current session state: {
  treatmentType: 'Cleaning',
  dentistName: null,
  patientName: null,
  intents: [ 'booking' ],
  selectedSlot: null,
  confirmationStatus: 'pending',
  eventId: undefined
}
馃攳 [PRE-AI] Combined intent detection and information extraction...
[MOCK] No booking found for phone: +1111111112 (total events: 0)
馃攳 [COMBINED AI] AI Response: {"intents":["booking"],"patientName":"Jane Smith","treatmentType":"Cleaning","dentistName":null,"numberOfTeeth":null,"dateTimeText":null}
馃攳 [COMBINED AI] Parsed intents: [ 'booking' ]
馃摑 [COMBINED AI] Parsed extracted: {
  patientName: 'Jane Smith',
  treatmentType: 'Cleaning',
  dentistName: null,
  numberOfTeeth: null,
  dateTimeText: null
}
馃攳 [INTENT DETECTION] Intent detected, setting intent: [ 'booking' ]
馃摑 [PRE-AI] Validating and updating session with extracted information...
鉁?[PRE-AI] Validated patientName: Jane Smith
鉁?[PRE-AI] Validated treatmentType: Cleaning
鉁?[PRE-AI] Updating patientName: Jane Smith
馃 [AI RESPONSE] Raw AI response: Thank you, Jane! Let me check the availability for your cleaning appointment. One moment, please. 

...

I have an available slot for a cleaning appointment on [insert date and time]. Would you like t

馃攧 [POST-PROCESS] Starting minimal post-processing
馃攧 [POST-PROCESS] Latest intents: [ 'booking' ]
馃攧 [POST-PROCESS] Current session state: {
  treatmentType: 'Cleaning',
  dentistName: null,
  patientName: 'Jane Smith',
  selectedSlot: null,
  confirmationStatus: 'pending'
}
馃攧 [POST-PROCESS] Validated intents: [ 'booking' ]
馃攧 [POST-PROCESS] Availability check conditions: {
  hasBookingIntent: true,
  hasTreatment: 'Cleaning',
  hasPatientName: 'Jane Smith',
  noSlotPending: true,
  isAlreadyConfirmed: false
}
馃攧 [POST-PROCESS] Booking intent detected, checking availability
馃攧 [POST-PROCESS] Checking availability with user message: My name is Jane Smith

馃搮 [AVAILABILITY] Starting availability check
馃搮 [AVAILABILITY] Session: { treatmentType: 'Cleaning', dentistName: null, numberOfTeeth: null }
馃搮 [AVAILABILITY] Available dentists for treatment: [ 'Dr GeneralA', 'Dr GeneralB' ]
馃搮 [AVAILABILITY] Fetching fresh slots from API (no caching)...

馃搳 [AVAILABILITY SUMMARY] Total slots found across all doctors: 50
馃幆 [AVAILABILITY SUMMARY] The first free time slot overall is:
   Doctor: Dr GeneralA
   Date: 2025-12-18
   Time: 01:00
   Duration: 60 minutes
鉁?[AVAILABILITY] Updated session with fresh slots: 2025-12-17T16:12:18.254Z
馃搮 [AVAILABILITY] First few slots: [
  {
    doctor: 'Dr GeneralA',
    startTime: '2025-12-18T01:00:00.000Z',
    duration: 60
  },
  {
    doctor: 'Dr GeneralB',
    startTime: '2025-12-18T01:00:00.000Z',
    duration: 60
  },
  {
    doctor: 'Dr GeneralA',
    startTime: '2025-12-18T02:00:00.000Z',
    duration: 60
  }
]
馃搮 [AVAILABILITY] No dentist specified, will auto-select based on earliest availability
馃搮 [AVAILABILITY] Calculated treatment duration: 30 minutes
馃搮 [AVAILABILITY] Extracted date preference: { date: null, time: null }
馃搮 [AVAILABILITY] Valid slots (dentist: any , within working hours): 50
馃搮 [AVAILABILITY] No preference match, finding earliest available slot (ASAP)...
馃搮 [AVAILABILITY] Valid slots available: 50 Treatment duration needed: 30
鉁?[AVAILABILITY] Selected earliest available slot (ASAP): {
  doctor: 'Dr GeneralA',
  startTime: '2025-12-18T01:00:00.000Z',
  duration: 60
}
鉁?[AVAILABILITY] Auto-selecting dentist: Dr GeneralA
馃搮 [AVAILABILITY] Recalculated treatment duration with selected dentist: 30 minutes
鉁?[AVAILABILITY] Setting selectedSlot in session: {
  startTime: '2025-12-18T01:00:00.000Z',
  endTime: '2025-12-18T01:30:00.000Z',
  doctor: 'Dr GeneralA',
  hour: 9,
  minute: 0
}
鉁?[AVAILABILITY] Session updated, verification: {
  hasSelectedSlot: true,
  confirmationStatus: 'pending',
  slotStartTime: '2025-12-18T01:00:00.000Z'
}
鉁?[AI RESPONSE] Final response after post-processing: I found an available slot:

Doctor: Dr GeneralA
Date: 2025/12/18
Time: 09:00:00 - 09:30:00
Duration: 30 minutes

Would you like to confirm this appointment?

馃殌 [GENERATE RESPONSE] Starting response generation
馃殌 [GENERATE RESPONSE] User message: Dr GeneralA
馃殌 [GENERATE RESPONSE] Current session state: {
  treatmentType: 'Cleaning',
  dentistName: 'Dr GeneralA',
  patientName: 'Jane Smith',
  intents: [ 'booking' ],
  selectedSlot: {
    startTime: '2025-12-18T01:00:00.000Z',
    endTime: '2025-12-18T01:30:00.000Z',
    doctor: 'Dr GeneralA'
  },
  confirmationStatus: 'pending',
  eventId: undefined
}
馃攳 [PRE-AI] Combined intent detection and information extraction...
[MOCK] No booking found for phone: +1111111112 (total events: 0)
馃攳 [COMBINED AI] AI Response: {"intents":["booking"],"patientName":"Jane Smith","treatmentType":"Cleaning","dentistName":"Dr GeneralA","numberOfTeeth":null,"dateTimeText":null}
馃攳 [COMBINED AI] Parsed intents: [ 'booking' ]
馃摑 [COMBINED AI] Parsed extracted: {
  patientName: 'Jane Smith',
  treatmentType: 'Cleaning',
  dentistName: 'Dr GeneralA',
  numberOfTeeth: null,
  dateTimeText: null
}
馃攳 [INTENT DETECTION] Intent detected, setting intent: [ 'booking' ]
馃摑 [PRE-AI] Validating and updating session with extracted information...
鉁?[PRE-AI] Validated patientName: Jane Smith
鉁?[PRE-AI] Validated treatmentType: Cleaning
鉁?[PRE-AI] Validated dentistName: Dr GeneralA
馃 [AI RESPONSE] Raw AI response: Thank you, Jane! Just to confirm, would you like to proceed with the appointment for a cleaning with Dr. GeneralA on December 18, 2025, at 9:00 AM? Please let me know if you would like to confirm this

馃攧 [POST-PROCESS] Starting minimal post-processing
馃攧 [POST-PROCESS] Latest intents: [ 'booking' ]
馃攧 [POST-PROCESS] Current session state: {
  treatmentType: 'Cleaning',
  dentistName: 'Dr GeneralA',
  patientName: 'Jane Smith',
  selectedSlot: '2025-12-18T01:00:00.000Z',
  confirmationStatus: 'pending'
}
馃攧 [POST-PROCESS] Validated intents: [ 'booking' ]
馃攧 [POST-PROCESS] Availability check conditions: {
  hasBookingIntent: true,
  hasTreatment: 'Cleaning',
  hasPatientName: 'Jane Smith',
  noSlotPending: false,
  isAlreadyConfirmed: false
}
鉁?[POST-PROCESS] Returning AI response as-is
鉁?[AI RESPONSE] Final response after post-processing: Thank you, Jane! Just to confirm, would you like to proceed with the appointment for a cleaning with Dr. GeneralA on December 18, 2025, at 9:00 AM? Please let me know if you would like to confirm this

馃殌 [GENERATE RESPONSE] Starting response generation
馃殌 [GENERATE RESPONSE] User message: Next Monday at 2pm
馃殌 [GENERATE RESPONSE] Current session state: {
  treatmentType: 'Cleaning',
  dentistName: 'Dr GeneralA',
  patientName: 'Jane Smith',
  intents: [ 'booking' ],
  selectedSlot: {
    startTime: '2025-12-18T01:00:00.000Z',
    endTime: '2025-12-18T01:30:00.000Z',
    doctor: 'Dr GeneralA'
  },
  confirmationStatus: 'pending',
  eventId: undefined
}
馃攳 [PRE-AI] Combined intent detection and information extraction...
[MOCK] No booking found for phone: +1111111112 (total events: 0)
馃攳 [COMBINED AI] AI Response: {"intents":["booking"],"patientName":"Jane Smith","treatmentType":"Cleaning","dentistName":"Dr GeneralA","numberOfTeeth":null,"dateTimeText":"Next Monday at 2pm"}
馃攳 [COMBINED AI] Parsed intents: [ 'booking' ]
馃摑 [COMBINED AI] Parsed extracted: {
  patientName: 'Jane Smith',
  treatmentType: 'Cleaning',
  dentistName: 'Dr GeneralA',
  numberOfTeeth: null,
  dateTimeText: 'Next Monday at 2pm'
}
馃攳 [INTENT DETECTION] Intent detected, setting intent: [ 'booking' ]
馃摑 [PRE-AI] Validating and updating session with extracted information...
鉁?[PRE-AI] Validated patientName: Jane Smith
鉁?[PRE-AI] Validated treatmentType: Cleaning
鉁?[PRE-AI] Validated dentistName: Dr GeneralA
鉁?[PRE-AI] Validated dateTimeText: Next Monday at 2pm
鉁?[PRE-AI] Updating dateTimePreference: Next Monday at 2pm
鉁?[PRE-AI] User confirmed slot, proceeding to booking...

鉁?[BOOKING] Starting booking confirmation
鉁?[BOOKING] Selected slot: {
  doctor: 'Dr GeneralA',
  startTime: '2025-12-18T01:00:00.000Z',
  endTime: '2025-12-18T01:30:00.000Z'
}
鉁?[BOOKING] Treatment duration: 30 minutes
鉁?[BOOKING] Re-checking availability with fresh API call (safety validation)...
鉁?[BOOKING] Current available slots for dentist: 25
鉁?[BOOKING] Cache updated with fresh slots
鉁?[BOOKING] Slot still available: {
  slotStart: '2025-12-18T01:00:00.000Z',
  slotEnd: '2025-12-18T02:00:00.000Z',
  selectedStart: '2025-12-18T01:00:00.000Z',
  selectedEnd: '2025-12-18T01:30:00.000Z'
}
鉁?[BOOKING] Slot validated, proceeding to create calendar event
鉁?[BOOKING] Creating calendar event with data: {
  calendarId: '973f8a4978419cd468e04aefecc429840767076c5864d16becc0daf20367ff0a@group.calendar.google.com',
  patientName: 'Jane Smith',
  doctor: 'Dr GeneralA',
  treatment: 'Cleaning',
  startTime: '2025-12-18T01:00:00.000Z',
  endTime: '2025-12-18T01:30:00.000Z'
}
[MOCK] Created appointment: Jane Smith with Dr GeneralA at 2025-12-18T01:00:00.000Z
鉁?[BOOKING] Calendar event created successfully: { eventId: 'mock_event_1765987946952_xsc4dg3qt' }
鉁?[BOOKING] Session updated with confirmation
鉁?[BOOKING] Booking logged to Google Sheets
鉁?[BOOKING] Booking complete!
鉁?[PRE-AI] Booking successful, returning early to prevent post-processing

馃殌 [GENERATE RESPONSE] Starting response generation
馃殌 [GENERATE RESPONSE] User message: Yes
馃殌 [GENERATE RESPONSE] Current session state: {
  treatmentType: 'Cleaning',
  dentistName: 'Dr GeneralA',
  patientName: 'Jane Smith',
  intents: [ 'booking' ],
  selectedSlot: null,
  confirmationStatus: 'confirmed',
  eventId: 'mock_event_1765987946952_xsc4dg3qt'
}
馃攳 [PRE-AI] Combined intent detection and information extraction...
[MOCK] Found booking for +1111111112: Jane Smith with Dr GeneralA
馃攳 [COMBINED AI] AI Response: {"intents":[],"patientName":null,"treatmentType":null,"dentistName":null,"numberOfTeeth":null,"dateTimeText":null}
馃攳 [COMBINED AI] Parsed intents: []
馃摑 [COMBINED AI] Parsed extracted: {
  patientName: null,
  treatmentType: null,
  dentistName: null,
  numberOfTeeth: null,
  dateTimeText: null
}
馃摑 [PRE-AI] Validating and updating session with extracted information...
鉁?[PRE-AI] User confirmed cancellation, processing...
馃攧 [CANCELLATION] Cancelling appointment: {
  calendarId: '973f8a4978419cd468e04aefecc429840767076c5864d16becc0daf20367ff0a@group.calendar.google.com',
  eventId: 'mock_event_1765987946952_xsc4dg3qt',
  phone: '+1111111112'
}
馃攧 [CANCELLATION] Cancel result: { success: true }
馃攧 [PRE-AI] Cancellation processed, returning cancellation message
[3/23] Running: Complete Booking - Filling with Teeth Count

馃殌 [GENERATE RESPONSE] Starting response generation
馃殌 [GENERATE RESPONSE] User message: I need a filling for 3 teeth
馃殌 [GENERATE RESPONSE] Current session state: {
  treatmentType: null,
  dentistName: null,
  patientName: null,
  intents: undefined,
  selectedSlot: null,
  confirmationStatus: 'pending',
  eventId: undefined
}
馃攳 [PRE-AI] Combined intent detection and information extraction...
[MOCK] No booking found for phone: +1111111113 (total events: 0)
馃攳 [COMBINED AI] AI Response: {"intents":["booking"],"patientName":null,"treatmentType":"Filling","dentistName":null,"numberOfTeeth":3,"dateTimeText":null}
馃攳 [COMBINED AI] Parsed intents: [ 'booking' ]
馃摑 [COMBINED AI] Parsed extracted: {
  patientName: null,
  treatmentType: 'Filling',
  dentistName: null,
  numberOfTeeth: 3,
  dateTimeText: null
}
馃攳 [INTENT DETECTION] Intent detected, setting intent: [ 'booking' ]
馃摑 [PRE-AI] Validating and updating session with extracted information...
鉁?[PRE-AI] Validated treatmentType: Filling
鉁?[PRE-AI] Validated numberOfTeeth: 3
鉁?[PRE-AI] Updating treatmentType: Filling
馃 [AI RESPONSE] Raw AI response: Thank you for reaching out! May I have your name, please, so I can assist you with booking your appointment for the filling?

馃攧 [POST-PROCESS] Starting minimal post-processing
馃攧 [POST-PROCESS] Latest intents: [ 'booking' ]
馃攧 [POST-PROCESS] Current session state: {
  treatmentType: 'Filling',
  dentistName: null,
  patientName: null,
  selectedSlot: null,
  confirmationStatus: 'pending'
}
馃攧 [POST-PROCESS] Validated intents: [ 'booking' ]
馃攧 [POST-PROCESS] Availability check conditions: {
  hasBookingIntent: true,
  hasTreatment: 'Filling',
  hasPatientName: null,
  noSlotPending: true,
  isAlreadyConfirmed: false
}
鉁?[POST-PROCESS] Returning AI response as-is
鉁?[AI RESPONSE] Final response after post-processing: Thank you for reaching out! May I have your name, please, so I can assist you with booking your appointment for the filling?

馃殌 [GENERATE RESPONSE] Starting response generation
馃殌 [GENERATE RESPONSE] User message: I am Bob Johnson
馃殌 [GENERATE RESPONSE] Current session state: {
  treatmentType: 'Filling',
  dentistName: null,
  patientName: null,
  intents: [ 'booking' ],
  selectedSlot: null,
  confirmationStatus: 'pending',
  eventId: undefined
}
馃攳 [PRE-AI] Combined intent detection and information extraction...
[MOCK] No booking found for phone: +1111111113 (total events: 0)
馃攳 [COMBINED AI] AI Response: {"intents":["booking"],"patientName":"Bob Johnson","treatmentType":"Filling","dentistName":null,"numberOfTeeth":3,"dateTimeText":null}
馃攳 [COMBINED AI] Parsed intents: [ 'booking' ]
馃摑 [COMBINED AI] Parsed extracted: {
  patientName: 'Bob Johnson',
  treatmentType: 'Filling',
  dentistName: null,
  numberOfTeeth: 3,
  dateTimeText: null
}
馃攳 [INTENT DETECTION] Intent detected, setting intent: [ 'booking' ]
馃摑 [PRE-AI] Validating and updating session with extracted information...
鉁?[PRE-AI] Validated patientName: Bob Johnson
鉁?[PRE-AI] Validated treatmentType: Filling
鉁?[PRE-AI] Validated numberOfTeeth: 3
鉁?[PRE-AI] Updating patientName: Bob Johnson
鉁?[PRE-AI] Updating numberOfTeeth: 3
馃 [AI RESPONSE] Raw AI response: Thank you, Bob! I will check the availability for a filling appointment for 3 teeth. This will take approximately 1 hour (30 minutes for the first tooth and 15 minutes for each additional tooth). 

Pl

馃攧 [POST-PROCESS] Starting minimal post-processing
馃攧 [POST-PROCESS] Latest intents: [ 'booking' ]
馃攧 [POST-PROCESS] Current session state: {
  treatmentType: 'Filling',
  dentistName: null,
  patientName: 'Bob Johnson',
  selectedSlot: null,
  confirmationStatus: 'pending'
}
馃攧 [POST-PROCESS] Validated intents: [ 'booking' ]
馃攧 [POST-PROCESS] Availability check conditions: {
  hasBookingIntent: true,
  hasTreatment: 'Filling',
  hasPatientName: 'Bob Johnson',
  noSlotPending: true,
  isAlreadyConfirmed: false
}
馃攧 [POST-PROCESS] Booking intent detected, checking availability
馃攧 [POST-PROCESS] Checking availability with user message: I am Bob Johnson

馃搮 [AVAILABILITY] Starting availability check
馃搮 [AVAILABILITY] Session: { treatmentType: 'Filling', dentistName: null, numberOfTeeth: 3 }
馃搮 [AVAILABILITY] Available dentists for treatment: [ 'Dr GeneralA', 'Dr GeneralB' ]
馃搮 [AVAILABILITY] Fetching fresh slots from API (no caching)...

馃搳 [AVAILABILITY SUMMARY] Total slots found across all doctors: 50
馃幆 [AVAILABILITY SUMMARY] The first free time slot overall is:
   Doctor: Dr GeneralA
   Date: 2025-12-18
   Time: 01:00
   Duration: 60 minutes
鉁?[AVAILABILITY] Updated session with fresh slots: 2025-12-17T16:12:37.244Z
馃搮 [AVAILABILITY] First few slots: [
  {
    doctor: 'Dr GeneralA',
    startTime: '2025-12-18T01:00:00.000Z',
    duration: 60
  },
  {
    doctor: 'Dr GeneralB',
    startTime: '2025-12-18T01:00:00.000Z',
    duration: 60
  },
  {
    doctor: 'Dr GeneralA',
    startTime: '2025-12-18T02:00:00.000Z',
    duration: 60
  }
]
馃搮 [AVAILABILITY] No dentist specified, will auto-select based on earliest availability
馃搮 [AVAILABILITY] Calculated treatment duration: 60 minutes
馃搮 [AVAILABILITY] Extracted date preference: { date: null, time: null }
馃搮 [AVAILABILITY] Valid slots (dentist: any , within working hours): 50
馃搮 [AVAILABILITY] No preference match, finding earliest available slot (ASAP)...
馃搮 [AVAILABILITY] Valid slots available: 50 Treatment duration needed: 60
鉁?[AVAILABILITY] Selected earliest available slot (ASAP): {
  doctor: 'Dr GeneralA',
  startTime: '2025-12-18T01:00:00.000Z',
  duration: 60
}
鉁?[AVAILABILITY] Auto-selecting dentist: Dr GeneralA
馃搮 [AVAILABILITY] Recalculated treatment duration with selected dentist: 60 minutes
鉁?[AVAILABILITY] Setting selectedSlot in session: {
  startTime: '2025-12-18T01:00:00.000Z',
  endTime: '2025-12-18T02:00:00.000Z',
  doctor: 'Dr GeneralA',
  hour: 9,
  minute: 0
}
鉁?[AVAILABILITY] Session updated, verification: {
  hasSelectedSlot: true,
  confirmationStatus: 'pending',
  slotStartTime: '2025-12-18T01:00:00.000Z'
}
鉁?[AI RESPONSE] Final response after post-processing: I found an available slot:

Doctor: Dr GeneralA
Date: 2025/12/18
Time: 09:00:00 - 10:00:00
Duration: 60 minutes

Would you like to confirm this appointment?

馃殌 [GENERATE RESPONSE] Starting response generation
馃殌 [GENERATE RESPONSE] User message: Dr GeneralB
馃殌 [GENERATE RESPONSE] Current session state: {
  treatmentType: 'Filling',
  dentistName: 'Dr GeneralA',
  patientName: 'Bob Johnson',
  intents: [ 'booking' ],
  selectedSlot: {
    startTime: '2025-12-18T01:00:00.000Z',
    endTime: '2025-12-18T02:00:00.000Z',
    doctor: 'Dr GeneralA'
  },
  confirmationStatus: 'pending',
  eventId: undefined
}
馃攳 [PRE-AI] Combined intent detection and information extraction...
[MOCK] No booking found for phone: +1111111113 (total events: 0)
馃攳 [COMBINED AI] AI Response: {"intents":["booking"],"patientName":"Bob Johnson","treatmentType":"Filling","dentistName":"Dr GeneralB","numberOfTeeth":null,"dateTimeText":null}
馃攳 [COMBINED AI] Parsed intents: [ 'booking' ]
馃摑 [COMBINED AI] Parsed extracted: {
  patientName: 'Bob Johnson',
  treatmentType: 'Filling',
  dentistName: 'Dr GeneralB',
  numberOfTeeth: null,
  dateTimeText: null
}
馃攳 [INTENT DETECTION] Intent detected, setting intent: [ 'booking' ]
馃摑 [PRE-AI] Validating and updating session with extracted information...
鉁?[PRE-AI] Validated patientName: Bob Johnson
鉁?[PRE-AI] Validated treatmentType: Filling
鉁?[PRE-AI] Validated dentistName: Dr GeneralB
